2026-08-18 15:57:53,706 - aqt.helper - DEBUG - helper 79724 Attempt to download checksum at https://download.qt.io/online/qtsdkrepository/windows_x86/desktop/qt6_683/qt6_683/Updates.xml.sha256
2026-08-18 15:58:18,890 - aqt.main - INFO - installer 86340 aqtinstall(aqt) v3.3.0 on Python 3.14.3 [CPython MSC v.1944 64 bit (AMD64)]
2026-08-18 15:58:18,891 - aqt.helper - DEBUG - helper 86340 Attempt to download checksum at https://download.qt.io/online/qtsdkrepository/windows_x86/desktop/qt6_683/qt6_683/Updates.xml.sha256
2026-08-18 15:58:21,527 - aqt.helper - DEBUG - helper 86340 Attempt to download checksum at https://download.qt.io/online/qtsdkrepository/windows_x86/extensions/qtwebengine/683/msvc2022_64/Updates.xml.sha256
2026-08-18 15:58:24,067 - aqt.archives - INFO - archives 86340 Found extension qtwebengine
2026-08-18 15:58:24,069 - aqt.helper - DEBUG - helper 86340 Attempt to download checksum at https://download.qt.io/online/qtsdkrepository/windows_x86/extensions/qtpdf/683/msvc2022_64/Updates.xml.sha256
2026-08-18 15:58:26,473 - aqt.archives - INFO - archives 86340 Found extension qtpdf
2026-08-18 15:58:27,271 - aqt.helper - DEBUG - helper 65448 Attempt to download checksum at https://download.qt.io/online/qtsdkrepository/windows_x86/desktop/qt6_683/qt6_683/qt.qt6.683.addons.qtpositioning.win64_msvc2022_64/6.8.3-0-202503201308qtpositioning-Windows-Windows_11_23H2-MSVC2022-Windows-Windows_11_23H2-X86_64.7z.sha256
2026-08-18 15:58:27,273 - aqt.helper - DEBUG - helper 83140 Attempt to download checksum at https://download.qt.io/online/qtsdkrepository/windows_x86/desktop/qt6_683/qt6_683/qt.qt6.683.win64_msvc2022_64/6.8.3-0-202503201308qtbase-Windows-Windows_11_23H2-MSVC2022-Windows-Windows_11_23H2-X86_64.7z.sha256
2026-08-18 15:58:27,274 - aqt.helper - DEBUG - helper 13084 Attempt to download checksum at https://download.qt.io/online/qtsdkrepository/windows_x86/desktop/qt6_683/qt6_683/qt.qt6.683.addons.qtwebchannel.win64_msvc2022_64/6.8.3-0-202503201308qtwebchannel-Windows-Windows_11_23H2-MSVC2022-Windows-Windows_11_23H2-X86_64.7z.sha256
2026-08-18 15:58:27,285 - aqt.helper - DEBUG - helper 83260 Attempt to download checksum at https://download.qt.io/online/qtsdkrepository/windows_x86/desktop/qt6_683/qt6_683/qt.qt6.683.win64_msvc2022_64/6.8.3-0-202503201308qtsvg-Windows-Windows_11_23H2-MSVC2022-Windows-Windows_11_23H2-X86_64.7z.sha256
2026-08-18 15:58:28,716 - aqt.helper - INFO - helper 13084 Downloading qtwebchannel...
2026-08-18 15:58:28,716 - aqt.helper - INFO - helper 65448 Downloading qtpositioning...
2026-08-18 15:58:28,716 - aqt.helper - INFO - helper 83260 Downloading qtsvg...
2026-08-18 15:58:28,716 - aqt.helper - INFO - helper 83140 Downloading qtbase...
2026-08-18 15:58:28,716 - aqt.installer - DEBUG - installer 65448 Download URL: https://download.qt.io/online/qtsdkrepository/windows_x86/desktop/qt6_683/qt6_683/qt.qt6.683.addons.qtpositioning.win64_msvc2022_64/6.8.3-0-202503201308qtpositioning-Windows-Windows_11_23H2-MSVC2022-Windows-Windows_11_23H2-X86_64.7z
2026-08-18 15:58:28,716 - aqt.installer - DEBUG - installer 13084 Download URL: https://download.qt.io/online/qtsdkrepository/windows_x86/desktop/qt6_683/qt6_683/qt.qt6.683.addons.qtwebchannel.win64_msvc2022_64/6.8.3-0-202503201308qtwebchannel-Windows-Windows_11_23H2-MSVC2022-Windows-Windows_11_23H2-X86_64.7z
2026-08-18 15:58:28,717 - aqt.installer - DEBUG - installer 83260 Download URL: https://download.qt.io/online/qtsdkrepository/windows_x86/desktop/qt6_683/qt6_683/qt.qt6.683.win64_msvc2022_64/6.8.3-0-202503201308qtsvg-Windows-Windows_11_23H2-MSVC2022-Windows-Windows_11_23H2-X86_64.7z
2026-08-18 15:58:28,717 - aqt.installer - DEBUG - installer 83140 Download URL: https://download.qt.io/online/qtsdkrepository/windows_x86/desktop/qt6_683/qt6_683/qt.qt6.683.win64_msvc2022_64/6.8.3-0-202503201308qtbase-Windows-Windows_11_23H2-MSVC2022-Windows-Windows_11_23H2-X86_64.7z
2026-08-18 15:58:30,122 - aqt.helper - DEBUG - helper 13084 Asked to redirect(302) to: https://ftp.jaist.ac.jp/pub/qtproject/online/qtsdkrepository/windows_x86/desktop/qt6_683/qt6_683/qt.qt6.683.addons.qtwebchannel.win64_msvc2022_64/6.8.3-0-202503201308qtwebchannel-Windows-Windows_11_23H2-MSVC2022-Windows-Windows_11_23H2-X86_64.7z
2026-08-18 15:58:30,123 - aqt.helper - DEBUG - helper 83140 Asked to redirect(302) to: https://ftp.jaist.ac.jp/pub/qtproject/online/qtsdkrepository/windows_x86/desktop/qt6_683/qt6_683/qt.qt6.683.win64_msvc2022_64/6.8.3-0-202503201308qtbase-Windows-Windows_11_23H2-MSVC2022-Windows-Windows_11_23H2-X86_64.7z
2026-08-18 15:58:30,123 - aqt.helper - INFO - helper 13084 Redirected: ftp.jaist.ac.jp
2026-08-18 15:58:30,123 - aqt.helper - INFO - helper 83140 Redirected: ftp.jaist.ac.jp
2026-08-18 15:58:30,158 - aqt.helper - DEBUG - helper 65448 Asked to redirect(302) to: https://ftp.jaist.ac.jp/pub/qtproject/online/qtsdkrepository/windows_x86/desktop/qt6_683/qt6_683/qt.qt6.683.addons.qtpositioning.win64_msvc2022_64/6.8.3-0-202503201308qtpositioning-Windows-Windows_11_23H2-MSVC2022-Windows-Windows_11_23H2-X86_64.7z
2026-08-18 15:58:30,158 - aqt.helper - INFO - helper 65448 Redirected: ftp.jaist.ac.jp
2026-08-18 15:58:31,791 - aqt.installer - INFO - installer 13084 Finished installation of qtwebchannel-Windows-Windows_11_23H2-MSVC2022-Windows-Windows_11_23H2-X86_64.7z in 4.52059120
2026-08-18 15:58:31,805 - aqt.helper - DEBUG - helper 13084 Attempt to download checksum at https://download.qt.io/online/qtsdkrepository/windows_x86/desktop/qt6_683/qt6_683/qt.qt6.683.win64_msvc2022_64/6.8.3-0-202503201308qtdeclarative-Windows-Windows_11_23H2-MSVC2022-Windows-Windows_11_23H2-X86_64.7z.sha256
2026-08-18 15:58:32,263 - aqt.installer - INFO - installer 83260 Finished installation of qtsvg-Windows-Windows_11_23H2-MSVC2022-Windows-Windows_11_23H2-X86_64.7z in 4.98000660
2026-08-18 15:58:32,277 - aqt.helper - DEBUG - helper 83260 Attempt to download checksum at https://download.qt.io/online/qtsdkrepository/windows_x86/desktop/qt6_683/qt6_683/qt.qt6.683.win64_msvc2022_64/6.8.3-0-202503201308qttools-Windows-Windows_11_23H2-MSVC2022-Windows-Windows_11_23H2-X86_64.7z.sha256
2026-08-18 15:58:32,836 - aqt.installer - INFO - installer 65448 Finished installation of qtpositioning-Windows-Windows_11_23H2-MSVC2022-Windows-Windows_11_23H2-X86_64.7z in 5.56829940
2026-08-18 15:58:32,848 - aqt.helper - DEBUG - helper 65448 Attempt to download checksum at https://download.qt.io/online/qtsdkrepository/windows_x86/desktop/qt6_683/qt6_683/qt.qt6.683.win64_msvc2022_64/6.8.3-0-202503201308qttranslations-Windows-Windows_11_23H2-MSVC2022-Windows-Windows_11_23H2-X86_64.7z.sha256
2026-08-18 15:58:33,089 - aqt.helper - INFO - helper 13084 Downloading qtdeclarative...
2026-08-18 15:58:33,089 - aqt.installer - DEBUG - installer 13084 Download URL: https://download.qt.io/online/qtsdkrepository/windows_x86/desktop/qt6_683/qt6_683/qt.qt6.683.win64_msvc2022_64/6.8.3-0-202503201308qtdeclarative-Windows-Windows_11_23H2-MSVC2022-Windows-Windows_11_23H2-X86_64.7z
2026-08-18 15:58:33,566 - aqt.helper - INFO - helper 83260 Downloading qttools...
2026-08-18 15:58:33,567 - aqt.installer - DEBUG - installer 83260 Download URL: https://download.qt.io/online/qtsdkrepository/windows_x86/desktop/qt6_683/qt6_683/qt.qt6.683.win64_msvc2022_64/6.8.3-0-202503201308qttools-Windows-Windows_11_23H2-MSVC2022-Windows-Windows_11_23H2-X86_64.7z
2026-08-18 15:58:34,148 - aqt.helper - INFO - helper 65448 Downloading qttranslations...
2026-08-18 15:58:34,149 - aqt.installer - DEBUG - installer 65448 Download URL: https://download.qt.io/online/qtsdkrepository/windows_x86/desktop/qt6_683/qt6_683/qt.qt6.683.win64_msvc2022_64/6.8.3-0-202503201308qttranslations-Windows-Windows_11_23H2-MSVC2022-Windows-Windows_11_23H2-X86_64.7z
2026-08-18 15:58:34,265 - aqt.helper - DEBUG - helper 13084 Asked to redirect(302) to: https://ftp.jaist.ac.jp/pub/qtproject/online/qtsdkrepository/windows_x86/desktop/qt6_683/qt6_683/qt.qt6.683.win64_msvc2022_64/6.8.3-0-202503201308qtdeclarative-Windows-Windows_11_23H2-MSVC2022-Windows-Windows_11_23H2-X86_64.7z
2026-08-18 15:58:34,265 - aqt.helper - INFO - helper 13084 Redirected: ftp.jaist.ac.jp
2026-08-18 15:58:34,853 - aqt.helper - DEBUG - helper 83260 Asked to redirect(302) to: https://ftp.jaist.ac.jp/pub/qtproject/online/qtsdkrepository/windows_x86/desktop/qt6_683/qt6_683/qt.qt6.683.win64_msvc2022_64/6.8.3-0-202503201308qttools-Windows-Windows_11_23H2-MSVC2022-Windows-Windows_11_23H2-X86_64.7z
2026-08-18 15:58:34,853 - aqt.helper - INFO - helper 83260 Redirected: ftp.jaist.ac.jp
2026-08-18 15:58:35,530 - aqt.helper - DEBUG - helper 65448 Asked to redirect(302) to: https://ftp.jaist.ac.jp/pub/qtproject/online/qtsdkrepository/windows_x86/desktop/qt6_683/qt6_683/qt.qt6.683.win64_msvc2022_64/6.8.3-0-202503201308qttranslations-Windows-Windows_11_23H2-MSVC2022-Windows-Windows_11_23H2-X86_64.7z
2026-08-18 15:58:35,530 - aqt.helper - INFO - helper 65448 Redirected: ftp.jaist.ac.jp
2026-08-18 15:58:39,364 - aqt.installer - INFO - installer 65448 Finished installation of qttranslations-Windows-Windows_11_23H2-MSVC2022-Windows-Windows_11_23H2-X86_64.7z in 6.51740710
2026-08-18 15:58:39,378 - aqt.helper - DEBUG - helper 65448 Attempt to download checksum at https://download.qt.io/online/qtsdkrepository/windows_x86/desktop/qt6_683/qt6_683/qt.qt6.683.win64_msvc2022_64/6.8.3-0-202503201308d3dcompiler_47-x64.7z.sha256
2026-08-18 15:58:40,727 - aqt.helper - INFO - helper 65448 Downloading d3dcompiler_47...
2026-08-18 15:58:40,727 - aqt.installer - DEBUG - installer 65448 Download URL: https://download.qt.io/online/qtsdkrepository/windows_x86/desktop/qt6_683/qt6_683/qt.qt6.683.win64_msvc2022_64/6.8.3-0-202503201308d3dcompiler_47-x64.7z
2026-08-18 15:58:41,943 - aqt.helper - DEBUG - helper 65448 Asked to redirect(302) to: https://ftp.jaist.ac.jp/pub/qtproject/online/qtsdkrepository/windows_x86/desktop/qt6_683/qt6_683/qt.qt6.683.win64_msvc2022_64/6.8.3-0-202503201308d3dcompiler_47-x64.7z
2026-08-18 15:58:41,943 - aqt.helper - INFO - helper 65448 Redirected: ftp.jaist.ac.jp
2026-08-18 15:58:45,166 - aqt.installer - INFO - installer 83140 Finished installation of qtbase-Windows-Windows_11_23H2-MSVC2022-Windows-Windows_11_23H2-X86_64.7z in 17.89578910
2026-08-18 15:58:45,185 - aqt.helper - DEBUG - helper 83140 Attempt to download checksum at https://download.qt.io/online/qtsdkrepository/windows_x86/desktop/qt6_683/qt6_683/qt.qt6.683.win64_msvc2022_64/6.8.3-0-202503201308opengl32sw-64-mesa_11_2_2-signed_sha256.7z.sha256
2026-08-18 15:58:46,486 - aqt.helper - INFO - helper 83140 Downloading opengl32sw...
2026-08-18 15:58:46,487 - aqt.installer - DEBUG - installer 83140 Download URL: https://download.qt.io/online/qtsdkrepository/windows_x86/desktop/qt6_683/qt6_683/qt.qt6.683.win64_msvc2022_64/6.8.3-0-202503201308opengl32sw-64-mesa_11_2_2-signed_sha256.7z
2026-08-18 15:58:47,722 - aqt.helper - DEBUG - helper 83140 Asked to redirect(302) to: https://ftp.jaist.ac.jp/pub/qtproject/online/qtsdkrepository/windows_x86/desktop/qt6_683/qt6_683/qt.qt6.683.win64_msvc2022_64/6.8.3-0-202503201308opengl32sw-64-mesa_11_2_2-signed_sha256.7z
2026-08-18 15:58:47,722 - aqt.helper - INFO - helper 83140 Redirected: ftp.jaist.ac.jp
2026-08-18 15:58:48,715 - aqt.installer - INFO - installer 83260 Finished installation of qttools-Windows-Windows_11_23H2-MSVC2022-Windows-Windows_11_23H2-X86_64.7z in 16.43947730
2026-08-18 15:58:48,730 - aqt.helper - DEBUG - helper 83260 Attempt to download checksum at https://download.qt.io/online/qtsdkrepository/windows_x86/extensions/qtwebengine/683/msvc2022_64/extensions.qtwebengine.683.win64_msvc2022_64/6.8.3-0-202503201424qtwebengine-Windows-Windows_11_23H2-MSVC2022-Windows-Windows_11_23H2-X86_64.7z.sha256
2026-08-18 15:58:49,362 - aqt.installer - INFO - installer 65448 Finished installation of d3dcompiler_47-x64.7z in 9.98550690
2026-08-18 15:58:49,916 - aqt.helper - INFO - helper 83260 Downloading qtwebengine...
2026-08-18 15:58:49,916 - aqt.installer - DEBUG - installer 83260 Download URL: https://download.qt.io/online/qtsdkrepository/windows_x86/extensions/qtwebengine/683/msvc2022_64/extensions.qtwebengine.683.win64_msvc2022_64/6.8.3-0-202503201424qtwebengine-Windows-Windows_11_23H2-MSVC2022-Windows-Windows_11_23H2-X86_64.7z
2026-08-18 15:58:51,150 - aqt.helper - DEBUG - helper 83260 Asked to redirect(302) to: https://ftp.jaist.ac.jp/pub/qtproject/online/qtsdkrepository/windows_x86/extensions/qtwebengine/683/msvc2022_64/extensions.qtwebengine.683.win64_msvc2022_64/6.8.3-0-202503201424qtwebengine-Windows-Windows_11_23H2-MSVC2022-Windows-Windows_11_23H2-X86_64.7z
2026-08-18 15:58:51,150 - aqt.helper - INFO - helper 83260 Redirected: ftp.jaist.ac.jp
2026-08-18 15:58:51,840 - aqt.installer - INFO - installer 83140 Finished installation of opengl32sw-64-mesa_11_2_2-signed_sha256.7z in 6.65883050
2026-08-18 15:59:11,531 - aqt.installer - INFO - installer 13084 Finished installation of qtdeclarative-Windows-Windows_11_23H2-MSVC2022-Windows-Windows_11_23H2-X86_64.7z in 39.72758320
2026-08-18 15:59:39,599 - aqt.installer - INFO - installer 83260 Finished installation of qtwebengine-Windows-Windows_11_23H2-MSVC2022-Windows-Windows_11_23H2-X86_64.7z in 50.87068410
2026-08-18 15:59:39,877 - aqt.updater - INFO - updater 86340 Patching C:\Qt\6.8.3\msvc2022_64\bin\qmake.exe
2026-08-18 15:59:39,882 - aqt.updater - INFO - updater 86340 Patching C:\Qt\6.8.3\msvc2022_64\lib\Qt6Concurrent.prl
2026-08-18 15:59:39,890 - aqt.updater - INFO - updater 86340 Patching C:\Qt\6.8.3\msvc2022_64\lib\Qt6Concurrentd.prl
2026-08-18 15:59:39,898 - aqt.updater - INFO - updater 86340 Patching C:\Qt\6.8.3\msvc2022_64\lib\Qt6Core.prl
2026-08-18 15:59:39,905 - aqt.updater - INFO - updater 86340 Patching C:\Qt\6.8.3\msvc2022_64\lib\Qt6Cored.prl
2026-08-18 15:59:39,911 - aqt.updater - INFO - updater 86340 Patching C:\Qt\6.8.3\msvc2022_64\lib\Qt6DBus.prl
2026-08-18 15:59:39,917 - aqt.updater - INFO - updater 86340 Patching C:\Qt\6.8.3\msvc2022_64\lib\Qt6DBusd.prl
2026-08-18 15:59:39,924 - aqt.updater - INFO - updater 86340 Patching C:\Qt\6.8.3\msvc2022_64\lib\Qt6Designer.prl
2026-08-18 15:59:39,931 - aqt.updater - INFO - updater 86340 Patching C:\Qt\6.8.3\msvc2022_64\lib\Qt6DesignerComponents.prl
2026-08-18 15:59:39,939 - aqt.updater - INFO - updater 86340 Patching C:\Qt\6.8.3\msvc2022_64\lib\Qt6DesignerComponentsd.prl
2026-08-18 15:59:39,945 - aqt.updater - INFO - updater 86340 Patching C:\Qt\6.8.3\msvc2022_64\lib\Qt6Designerd.prl
2026-08-18 15:59:39,952 - aqt.updater - INFO - updater 86340 Patching C:\Qt\6.8.3\msvc2022_64\lib\Qt6DeviceDiscoverySupport.prl
2026-08-18 15:59:39,958 - aqt.updater - INFO - updater 86340 Patching C:\Qt\6.8.3\msvc2022_64\lib\Qt6DeviceDiscoverySupportd.prl
2026-08-18 15:59:39,968 - aqt.updater - INFO - updater 86340 Patching C:\Qt\6.8.3\msvc2022_64\lib\Qt6EntryPoint.prl
2026-08-18 15:59:39,976 - aqt.updater - INFO - updater 86340 Patching C:\Qt\6.8.3\msvc2022_64\lib\Qt6EntryPointd.prl
2026-08-18 15:59:39,982 - aqt.updater - INFO - updater 86340 Patching C:\Qt\6.8.3\msvc2022_64\lib\Qt6ExampleIcons.prl
2026-08-18 15:59:39,989 - aqt.updater - INFO - updater 86340 Patching C:\Qt\6.8.3\msvc2022_64\lib\Qt6ExampleIconsd.prl
2026-08-18 15:59:39,995 - aqt.updater - INFO - updater 86340 Patching C:\Qt\6.8.3\msvc2022_64\lib\Qt6ExamplesAssetDownloader.prl
2026-08-18 15:59:40,003 - aqt.updater - INFO - updater 86340 Patching C:\Qt\6.8.3\msvc2022_64\lib\Qt6ExamplesAssetDownloaderd.prl
2026-08-18 15:59:40,011 - aqt.updater - INFO - updater 86340 Patching C:\Qt\6.8.3\msvc2022_64\lib\Qt6FbSupport.prl
2026-08-18 15:59:40,018 - aqt.updater - INFO - updater 86340 Patching C:\Qt\6.8.3\msvc2022_64\lib\Qt6FbSupportd.prl
2026-08-18 15:59:40,025 - aqt.updater - INFO - updater 86340 Patching C:\Qt\6.8.3\msvc2022_64\lib\Qt6Gui.prl
2026-08-18 15:59:40,031 - aqt.updater - INFO - updater 86340 Patching C:\Qt\6.8.3\msvc2022_64\lib\Qt6Guid.prl
2026-08-18 15:59:40,040 - aqt.updater - INFO - updater 86340 Patching C:\Qt\6.8.3\msvc2022_64\lib\Qt6Help.prl
2026-08-18 15:59:40,047 - aqt.updater - INFO - updater 86340 Patching C:\Qt\6.8.3\msvc2022_64\lib\Qt6Helpd.prl
2026-08-18 15:59:40,053 - aqt.updater - INFO - updater 86340 Patching C:\Qt\6.8.3\msvc2022_64\lib\Qt6LabsAnimation.prl
2026-08-18 15:59:40,061 - aqt.updater - INFO - updater 86340 Patching C:\Qt\6.8.3\msvc2022_64\lib\Qt6LabsAnimationd.prl
2026-08-18 15:59:40,069 - aqt.updater - INFO - updater 86340 Patching C:\Qt\6.8.3\msvc2022_64\lib\Qt6LabsFolderListModel.prl
2026-08-18 15:59:40,075 - aqt.updater - INFO - updater 86340 Patching C:\Qt\6.8.3\msvc2022_64\lib\Qt6LabsFolderListModeld.prl
2026-08-18 15:59:40,081 - aqt.updater - INFO - updater 86340 Patching C:\Qt\6.8.3\msvc2022_64\lib\Qt6LabsPlatform.prl
2026-08-18 15:59:40,088 - aqt.updater - INFO - updater 86340 Patching C:\Qt\6.8.3\msvc2022_64\lib\Qt6LabsPlatformd.prl
2026-08-18 15:59:40,094 - aqt.updater - INFO - updater 86340 Patching C:\Qt\6.8.3\msvc2022_64\lib\Qt6LabsQmlModels.prl
2026-08-18 15:59:40,101 - aqt.updater - INFO - updater 86340 Patching C:\Qt\6.8.3\msvc2022_64\lib\Qt6LabsQmlModelsd.prl
2026-08-18 15:59:40,122 - aqt.updater - INFO - updater 86340 Patching C:\Qt\6.8.3\msvc2022_64\lib\Qt6LabsSettings.prl
2026-08-18 15:59:40,130 - aqt.updater - INFO - updater 86340 Patching C:\Qt\6.8.3\msvc2022_64\lib\Qt6LabsSettingsd.prl
2026-08-18 15:59:40,154 - aqt.updater - INFO - updater 86340 Patching C:\Qt\6.8.3\msvc2022_64\lib\Qt6LabsSharedImage.prl
2026-08-18 15:59:40,176 - aqt.updater - INFO - updater 86340 Patching C:\Qt\6.8.3\msvc2022_64\lib\Qt6LabsSharedImaged.prl
2026-08-18 15:59:40,203 - aqt.updater - INFO - updater 86340 Patching C:\Qt\6.8.3\msvc2022_64\lib\Qt6LabsWavefrontMesh.prl
2026-08-18 15:59:40,221 - aqt.updater - INFO - updater 86340 Patching C:\Qt\6.8.3\msvc2022_64\lib\Qt6LabsWavefrontMeshd.prl
2026-08-18 15:59:40,232 - aqt.updater - INFO - updater 86340 Patching C:\Qt\6.8.3\msvc2022_64\lib\Qt6Network.prl
2026-08-18 15:59:40,257 - aqt.updater - INFO - updater 86340 Patching C:\Qt\6.8.3\msvc2022_64\lib\Qt6Networkd.prl
2026-08-18 15:59:40,279 - aqt.updater - INFO - updater 86340 Patching C:\Qt\6.8.3\msvc2022_64\lib\Qt6OpenGL.prl
2026-08-18 15:59:40,300 - aqt.updater - INFO - updater 86340 Patching C:\Qt\6.8.3\msvc2022_64\lib\Qt6OpenGLd.prl
2026-08-18 15:59:40,324 - aqt.updater - INFO - updater 86340 Patching C:\Qt\6.8.3\msvc2022_64\lib\Qt6OpenGLWidgets.prl
2026-08-18 15:59:40,350 - aqt.updater - INFO - updater 86340 Patching C:\Qt\6.8.3\msvc2022_64\lib\Qt6OpenGLWidgetsd.prl
2026-08-18 15:59:40,372 - aqt.updater - INFO - updater 86340 Patching C:\Qt\6.8.3\msvc2022_64\lib\Qt6PacketProtocol.prl
2026-08-18 15:59:40,395 - aqt.updater - INFO - updater 86340 Patching C:\Qt\6.8.3\msvc2022_64\lib\Qt6PacketProtocold.prl
2026-08-18 15:59:40,417 - aqt.updater - INFO - updater 86340 Patching C:\Qt\6.8.3\msvc2022_64\lib\Qt6Positioning.prl
2026-08-18 15:59:40,441 - aqt.updater - INFO - updater 86340 Patching C:\Qt\6.8.3\msvc2022_64\lib\Qt6Positioningd.prl
2026-08-18 15:59:40,466 - aqt.updater - INFO - updater 86340 Patching C:\Qt\6.8.3\msvc2022_64\lib\Qt6PositioningQuick.prl
2026-08-18 15:59:40,476 - aqt.updater - INFO - updater 86340 Patching C:\Qt\6.8.3\msvc2022_64\lib\Qt6PositioningQuickd.prl
2026-08-18 15:59:40,485 - aqt.updater - INFO - updater 86340 Patching C:\Qt\6.8.3\msvc2022_64\lib\Qt6PrintSupport.prl
2026-08-18 15:59:40,495 - aqt.updater - INFO - updater 86340 Patching C:\Qt\6.8.3\msvc2022_64\lib\Qt6PrintSupportd.prl
2026-08-18 15:59:40,503 - aqt.updater - INFO - updater 86340 Patching C:\Qt\6.8.3\msvc2022_64\lib\Qt6Qml.prl
2026-08-18 15:59:40,509 - aqt.updater - INFO - updater 86340 Patching C:\Qt\6.8.3\msvc2022_64\lib\Qt6QmlAssetDownloader.prl
2026-08-18 15:59:40,516 - aqt.updater - INFO - updater 86340 Patching C:\Qt\6.8.3\msvc2022_64\lib\Qt6QmlAssetDownloaderd.prl
2026-08-18 15:59:40,539 - aqt.updater - INFO - updater 86340 Patching C:\Qt\6.8.3\msvc2022_64\lib\Qt6QmlCompiler.prl
2026-08-18 15:59:40,558 - aqt.updater - INFO - updater 86340 Patching C:\Qt\6.8.3\msvc2022_64\lib\Qt6QmlCompilerd.prl
2026-08-18 15:59:40,579 - aqt.updater - INFO - updater 86340 Patching C:\Qt\6.8.3\msvc2022_64\lib\Qt6QmlCore.prl
2026-08-18 15:59:40,600 - aqt.updater - INFO - updater 86340 Patching C:\Qt\6.8.3\msvc2022_64\lib\Qt6QmlCored.prl
2026-08-18 15:59:40,619 - aqt.updater - INFO - updater 86340 Patching C:\Qt\6.8.3\msvc2022_64\lib\Qt6Qmld.prl
2026-08-18 15:59:40,636 - aqt.updater - INFO - updater 86340 Patching C:\Qt\6.8.3\msvc2022_64\lib\Qt6QmlDebug.prl
2026-08-18 15:59:40,644 - aqt.updater - INFO - updater 86340 Patching C:\Qt\6.8.3\msvc2022_64\lib\Qt6QmlDebugd.prl
2026-08-18 15:59:40,652 - aqt.updater - INFO - updater 86340 Patching C:\Qt\6.8.3\msvc2022_64\lib\Qt6QmlDom.prl
2026-08-18 15:59:40,669 - aqt.updater - INFO - updater 86340 Patching C:\Qt\6.8.3\msvc2022_64\lib\Qt6QmlDomd.prl
2026-08-18 15:59:40,676 - aqt.updater - INFO - updater 86340 Patching C:\Qt\6.8.3\msvc2022_64\lib\Qt6QmlLocalStorage.prl
2026-08-18 15:59:40,694 - aqt.updater - INFO - updater 86340 Patching C:\Qt\6.8.3\msvc2022_64\lib\Qt6QmlLocalStoraged.prl
2026-08-18 15:59:40,710 - aqt.updater - INFO - updater 86340 Patching C:\Qt\6.8.3\msvc2022_64\lib\Qt6QmlLS.prl
2026-08-18 15:59:40,722 - aqt.updater - INFO - updater 86340 Patching C:\Qt\6.8.3\msvc2022_64\lib\Qt6QmlLSd.prl
2026-08-18 15:59:40,738 - aqt.updater - INFO - updater 86340 Patching C:\Qt\6.8.3\msvc2022_64\lib\Qt6QmlMeta.prl
2026-08-18 15:59:40,753 - aqt.updater - INFO - updater 86340 Patching C:\Qt\6.8.3\msvc2022_64\lib\Qt6QmlMetad.prl
2026-08-18 15:59:40,771 - aqt.updater - INFO - updater 86340 Patching C:\Qt\6.8.3\msvc2022_64\lib\Qt6QmlModels.prl
2026-08-18 15:59:40,784 - aqt.updater - INFO - updater 86340 Patching C:\Qt\6.8.3\msvc2022_64\lib\Qt6QmlModelsd.prl
2026-08-18 15:59:40,802 - aqt.updater - INFO - updater 86340 Patching C:\Qt\6.8.3\msvc2022_64\lib\Qt6QmlNetwork.prl
2026-08-18 15:59:40,818 - aqt.updater - INFO - updater 86340 Patching C:\Qt\6.8.3\msvc2022_64\lib\Qt6QmlNetworkd.prl
2026-08-18 15:59:40,831 - aqt.updater - INFO - updater 86340 Patching C:\Qt\6.8.3\msvc2022_64\lib\Qt6QmlToolingSettings.prl
2026-08-18 15:59:40,840 - aqt.updater - INFO - updater 86340 Patching C:\Qt\6.8.3\msvc2022_64\lib\Qt6QmlToolingSettingsd.prl
2026-08-18 15:59:40,868 - aqt.updater - INFO - updater 86340 Patching C:\Qt\6.8.3\msvc2022_64\lib\Qt6QmlTypeRegistrar.prl
2026-08-18 15:59:40,891 - aqt.updater - INFO - updater 86340 Patching C:\Qt\6.8.3\msvc2022_64\lib\Qt6QmlTypeRegistrard.prl
2026-08-18 15:59:40,914 - aqt.updater - INFO - updater 86340 Patching C:\Qt\6.8.3\msvc2022_64\lib\Qt6QmlWorkerScript.prl
2026-08-18 15:59:40,938 - aqt.updater - INFO - updater 86340 Patching C:\Qt\6.8.3\msvc2022_64\lib\Qt6QmlWorkerScriptd.prl
2026-08-18 15:59:40,961 - aqt.updater - INFO - updater 86340 Patching C:\Qt\6.8.3\msvc2022_64\lib\Qt6QmlXmlListModel.prl
2026-08-18 15:59:40,987 - aqt.updater - INFO - updater 86340 Patching C:\Qt\6.8.3\msvc2022_64\lib\Qt6QmlXmlListModeld.prl
2026-08-18 15:59:41,012 - aqt.updater - INFO - updater 86340 Patching C:\Qt\6.8.3\msvc2022_64\lib\Qt6Quick.prl
2026-08-18 15:59:41,035 - aqt.updater - INFO - updater 86340 Patching C:\Qt\6.8.3\msvc2022_64\lib\Qt6QuickControls2.prl
2026-08-18 15:59:41,058 - aqt.updater - INFO - updater 86340 Patching C:\Qt\6.8.3\msvc2022_64\lib\Qt6QuickControls2Basic.prl
2026-08-18 15:59:41,088 - aqt.updater - INFO - updater 86340 Patching C:\Qt\6.8.3\msvc2022_64\lib\Qt6QuickControls2Basicd.prl
2026-08-18 15:59:41,114 - aqt.updater - INFO - updater 86340 Patching C:\Qt\6.8.3\msvc2022_64\lib\Qt6QuickControls2BasicStyleImpl.prl
2026-08-18 15:59:41,134 - aqt.updater - INFO - updater 86340 Patching C:\Qt\6.8.3\msvc2022_64\lib\Qt6QuickControls2BasicStyleImpld.prl
2026-08-18 15:59:41,161 - aqt.updater - INFO - updater 86340 Patching C:\Qt\6.8.3\msvc2022_64\lib\Qt6QuickControls2d.prl
2026-08-18 15:59:41,190 - aqt.updater - INFO - updater 86340 Patching C:\Qt\6.8.3\msvc2022_64\lib\Qt6QuickControls2FluentWinUI3StyleImpl.prl
2026-08-18 15:59:41,209 - aqt.updater - INFO - updater 86340 Patching C:\Qt\6.8.3\msvc2022_64\lib\Qt6QuickControls2FluentWinUI3StyleImpld.prl
2026-08-18 15:59:41,235 - aqt.updater - INFO - updater 86340 Patching C:\Qt\6.8.3\msvc2022_64\lib\Qt6QuickControls2Fusion.prl
2026-08-18 15:59:41,259 - aqt.updater - INFO - updater 86340 Patching C:\Qt\6.8.3\msvc2022_64\lib\Qt6QuickControls2Fusiond.prl
2026-08-18 15:59:41,286 - aqt.updater - INFO - updater 86340 Patching C:\Qt\6.8.3\msvc2022_64\lib\Qt6QuickControls2FusionStyleImpl.prl
2026-08-18 15:59:41,320 - aqt.updater - INFO - updater 86340 Patching C:\Qt\6.8.3\msvc2022_64\lib\Qt6QuickControls2FusionStyleImpld.prl
2026-08-18 15:59:41,350 - aqt.updater - INFO - updater 86340 Patching C:\Qt\6.8.3\msvc2022_64\lib\Qt6QuickControls2Imagine.prl
2026-08-18 15:59:41,371 - aqt.updater - INFO - updater 86340 Patching C:\Qt\6.8.3\msvc2022_64\lib\Qt6QuickControls2Imagined.prl
2026-08-18 15:59:41,395 - aqt.updater - INFO - updater 86340 Patching C:\Qt\6.8.3\msvc2022_64\lib\Qt6QuickControls2ImagineStyleImpl.prl
2026-08-18 15:59:41,419 - aqt.updater - INFO - updater 86340 Patching C:\Qt\6.8.3\msvc2022_64\lib\Qt6QuickControls2ImagineStyleImpld.prl
2026-08-18 15:59:41,437 - aqt.updater - INFO - updater 86340 Patching C:\Qt\6.8.3\msvc2022_64\lib\Qt6QuickControls2Impl.prl
2026-08-18 15:59:41,454 - aqt.updater - INFO - updater 86340 Patching C:\Qt\6.8.3\msvc2022_64\lib\Qt6QuickControls2Impld.prl
2026-08-18 15:59:41,471 - aqt.updater - INFO - updater 86340 Patching C:\Qt\6.8.3\msvc2022_64\lib\Qt6QuickControls2Material.prl
2026-08-18 15:59:41,489 - aqt.updater - INFO - updater 86340 Patching C:\Qt\6.8.3\msvc2022_64\lib\Qt6QuickControls2Materiald.prl
2026-08-18 15:59:41,504 - aqt.updater - INFO - updater 86340 Patching C:\Qt\6.8.3\msvc2022_64\lib\Qt6QuickControls2MaterialStyleImpl.prl
2026-08-18 15:59:41,519 - aqt.updater - INFO - updater 86340 Patching C:\Qt\6.8.3\msvc2022_64\lib\Qt6QuickControls2MaterialStyleImpld.prl
2026-08-18 15:59:41,537 - aqt.updater - INFO - updater 86340 Patching C:\Qt\6.8.3\msvc2022_64\lib\Qt6QuickControls2Universal.prl
2026-08-18 15:59:41,546 - aqt.updater - INFO - updater 86340 Patching C:\Qt\6.8.3\msvc2022_64\lib\Qt6QuickControls2Universald.prl
2026-08-18 15:59:41,564 - aqt.updater - INFO - updater 86340 Patching C:\Qt\6.8.3\msvc2022_64\lib\Qt6QuickControls2UniversalStyleImpl.prl
2026-08-18 15:59:41,583 - aqt.updater - INFO - updater 86340 Patching C:\Qt\6.8.3\msvc2022_64\lib\Qt6QuickControls2UniversalStyleImpld.prl
2026-08-18 15:59:41,603 - aqt.updater - INFO - updater 86340 Patching C:\Qt\6.8.3\msvc2022_64\lib\Qt6QuickControls2WindowsStyleImpl.prl
2026-08-18 15:59:41,624 - aqt.updater - INFO - updater 86340 Patching C:\Qt\6.8.3\msvc2022_64\lib\Qt6QuickControls2WindowsStyleImpld.prl
2026-08-18 15:59:41,649 - aqt.updater - INFO - updater 86340 Patching C:\Qt\6.8.3\msvc2022_64\lib\Qt6QuickControlsTestUtils.prl
2026-08-18 15:59:41,676 - aqt.updater - INFO - updater 86340 Patching C:\Qt\6.8.3\msvc2022_64\lib\Qt6QuickControlsTestUtilsd.prl
2026-08-18 15:59:41,695 - aqt.updater - INFO - updater 86340 Patching C:\Qt\6.8.3\msvc2022_64\lib\Qt6Quickd.prl
2026-08-18 15:59:41,714 - aqt.updater - INFO - updater 86340 Patching C:\Qt\6.8.3\msvc2022_64\lib\Qt6QuickDialogs2.prl
2026-08-18 15:59:41,723 - aqt.updater - INFO - updater 86340 Patching C:\Qt\6.8.3\msvc2022_64\lib\Qt6QuickDialogs2d.prl
2026-08-18 15:59:41,732 - aqt.updater - INFO - updater 86340 Patching C:\Qt\6.8.3\msvc2022_64\lib\Qt6QuickDialogs2QuickImpl.prl
2026-08-18 15:59:41,751 - aqt.updater - INFO - updater 86340 Patching C:\Qt\6.8.3\msvc2022_64\lib\Qt6QuickDialogs2QuickImpld.prl
2026-08-18 15:59:41,774 - aqt.updater - INFO - updater 86340 Patching C:\Qt\6.8.3\msvc2022_64\lib\Qt6QuickDialogs2Utils.prl
2026-08-18 15:59:41,797 - aqt.updater - INFO - updater 86340 Patching C:\Qt\6.8.3\msvc2022_64\lib\Qt6QuickDialogs2Utilsd.prl
2026-08-18 15:59:41,819 - aqt.updater - INFO - updater 86340 Patching C:\Qt\6.8.3\msvc2022_64\lib\Qt6QuickEffects.prl
2026-08-18 15:59:41,826 - aqt.updater - INFO - updater 86340 Patching C:\Qt\6.8.3\msvc2022_64\lib\Qt6QuickEffectsd.prl
2026-08-18 15:59:41,845 - aqt.updater - INFO - updater 86340 Patching C:\Qt\6.8.3\msvc2022_64\lib\Qt6QuickLayouts.prl
2026-08-18 15:59:41,856 - aqt.updater - INFO - updater 86340 Patching C:\Qt\6.8.3\msvc2022_64\lib\Qt6QuickLayoutsd.prl
2026-08-18 15:59:41,863 - aqt.updater - INFO - updater 86340 Patching C:\Qt\6.8.3\msvc2022_64\lib\Qt6QuickParticles.prl
2026-08-18 15:59:41,872 - aqt.updater - INFO - updater 86340 Patching C:\Qt\6.8.3\msvc2022_64\lib\Qt6QuickParticlesd.prl
2026-08-18 15:59:41,878 - aqt.updater - INFO - updater 86340 Patching C:\Qt\6.8.3\msvc2022_64\lib\Qt6QuickShapes.prl
2026-08-18 15:59:41,900 - aqt.updater - INFO - updater 86340 Patching C:\Qt\6.8.3\msvc2022_64\lib\Qt6QuickShapesd.prl
2026-08-18 15:59:41,917 - aqt.updater - INFO - updater 86340 Patching C:\Qt\6.8.3\msvc2022_64\lib\Qt6QuickTemplates2.prl
2026-08-18 15:59:41,934 - aqt.updater - INFO - updater 86340 Patching C:\Qt\6.8.3\msvc2022_64\lib\Qt6QuickTemplates2d.prl
2026-08-18 15:59:41,959 - aqt.updater - INFO - updater 86340 Patching C:\Qt\6.8.3\msvc2022_64\lib\Qt6QuickTest.prl
2026-08-18 15:59:41,966 - aqt.updater - INFO - updater 86340 Patching C:\Qt\6.8.3\msvc2022_64\lib\Qt6QuickTestd.prl
2026-08-18 15:59:41,986 - aqt.updater - INFO - updater 86340 Patching C:\Qt\6.8.3\msvc2022_64\lib\Qt6QuickTestUtils.prl
2026-08-18 15:59:41,994 - aqt.updater - INFO - updater 86340 Patching C:\Qt\6.8.3\msvc2022_64\lib\Qt6QuickTestUtilsd.prl
2026-08-18 15:59:42,002 - aqt.updater - INFO - updater 86340 Patching C:\Qt\6.8.3\msvc2022_64\lib\Qt6QuickVectorImage.prl
2026-08-18 15:59:42,008 - aqt.updater - INFO - updater 86340 Patching C:\Qt\6.8.3\msvc2022_64\lib\Qt6QuickVectorImaged.prl
2026-08-18 15:59:42,027 - aqt.updater - INFO - updater 86340 Patching C:\Qt\6.8.3\msvc2022_64\lib\Qt6QuickVectorImageGenerator.prl
2026-08-18 15:59:42,046 - aqt.updater - INFO - updater 86340 Patching C:\Qt\6.8.3\msvc2022_64\lib\Qt6QuickVectorImageGeneratord.prl
2026-08-18 15:59:42,070 - aqt.updater - INFO - updater 86340 Patching C:\Qt\6.8.3\msvc2022_64\lib\Qt6QuickWidgets.prl
2026-08-18 15:59:42,095 - aqt.updater - INFO - updater 86340 Patching C:\Qt\6.8.3\msvc2022_64\lib\Qt6QuickWidgetsd.prl
2026-08-18 15:59:42,118 - aqt.updater - INFO - updater 86340 Patching C:\Qt\6.8.3\msvc2022_64\lib\Qt6Sql.prl
2026-08-18 15:59:42,142 - aqt.updater - INFO - updater 86340 Patching C:\Qt\6.8.3\msvc2022_64\lib\Qt6Sqld.prl
2026-08-18 15:59:42,170 - aqt.updater - INFO - updater 86340 Patching C:\Qt\6.8.3\msvc2022_64\lib\Qt6Svg.prl
2026-08-18 15:59:42,197 - aqt.updater - INFO - updater 86340 Patching C:\Qt\6.8.3\msvc2022_64\lib\Qt6Svgd.prl
2026-08-18 15:59:42,217 - aqt.updater - INFO - updater 86340 Patching C:\Qt\6.8.3\msvc2022_64\lib\Qt6SvgWidgets.prl
2026-08-18 15:59:42,237 - aqt.updater - INFO - updater 86340 Patching C:\Qt\6.8.3\msvc2022_64\lib\Qt6SvgWidgetsd.prl
2026-08-18 15:59:42,258 - aqt.updater - INFO - updater 86340 Patching C:\Qt\6.8.3\msvc2022_64\lib\Qt6Test.prl
2026-08-18 15:59:42,283 - aqt.updater - INFO - updater 86340 Patching C:\Qt\6.8.3\msvc2022_64\lib\Qt6Testd.prl
2026-08-18 15:59:42,308 - aqt.updater - INFO - updater 86340 Patching C:\Qt\6.8.3\msvc2022_64\lib\Qt6UiTools.prl
2026-08-18 15:59:42,315 - aqt.updater - INFO - updater 86340 Patching C:\Qt\6.8.3\msvc2022_64\lib\Qt6UiToolsd.prl
2026-08-18 15:59:42,337 - aqt.updater - INFO - updater 86340 Patching C:\Qt\6.8.3\msvc2022_64\lib\Qt6WebChannel.prl
2026-08-18 15:59:42,345 - aqt.updater - INFO - updater 86340 Patching C:\Qt\6.8.3\msvc2022_64\lib\Qt6WebChanneld.prl
2026-08-18 15:59:42,352 - aqt.updater - INFO - updater 86340 Patching C:\Qt\6.8.3\msvc2022_64\lib\Qt6WebChannelQuick.prl
2026-08-18 15:59:42,358 - aqt.updater - INFO - updater 86340 Patching C:\Qt\6.8.3\msvc2022_64\lib\Qt6WebChannelQuickd.prl
2026-08-18 15:59:42,366 - aqt.updater - INFO - updater 86340 Patching C:\Qt\6.8.3\msvc2022_64\lib\Qt6WebEngineCore.prl
2026-08-18 15:59:42,384 - aqt.updater - INFO - updater 86340 Patching C:\Qt\6.8.3\msvc2022_64\lib\Qt6WebEngineCored.prl
2026-08-18 15:59:42,402 - aqt.updater - INFO - updater 86340 Patching C:\Qt\6.8.3\msvc2022_64\lib\Qt6WebEngineQuick.prl
2026-08-18 15:59:42,425 - aqt.updater - INFO - updater 86340 Patching C:\Qt\6.8.3\msvc2022_64\lib\Qt6WebEngineQuickd.prl
2026-08-18 15:59:42,432 - aqt.updater - INFO - updater 86340 Patching C:\Qt\6.8.3\msvc2022_64\lib\Qt6WebEngineQuickDelegatesQml.prl
2026-08-18 15:59:42,452 - aqt.updater - INFO - updater 86340 Patching C:\Qt\6.8.3\msvc2022_64\lib\Qt6WebEngineQuickDelegatesQmld.prl
2026-08-18 15:59:42,474 - aqt.updater - INFO - updater 86340 Patching C:\Qt\6.8.3\msvc2022_64\lib\Qt6WebEngineWidgets.prl
2026-08-18 15:59:42,500 - aqt.updater - INFO - updater 86340 Patching C:\Qt\6.8.3\msvc2022_64\lib\Qt6WebEngineWidgetsd.prl
2026-08-18 15:59:42,519 - aqt.updater - INFO - updater 86340 Patching C:\Qt\6.8.3\msvc2022_64\lib\Qt6Widgets.prl
2026-08-18 15:59:42,524 - aqt.updater - INFO - updater 86340 Patching C:\Qt\6.8.3\msvc2022_64\lib\Qt6Widgetsd.prl
2026-08-18 15:59:42,532 - aqt.updater - INFO - updater 86340 Patching C:\Qt\6.8.3\msvc2022_64\lib\Qt6Xml.prl
2026-08-18 15:59:42,538 - aqt.updater - INFO - updater 86340 Patching C:\Qt\6.8.3\msvc2022_64\lib\Qt6Xmld.prl
2026-08-18 15:59:42,545 - aqt.main - INFO - installer 86340 Finished installation
2026-08-18 15:59:42,545 - aqt.main - INFO - installer 86340 Time elapsed: 83.65475350 second
